Drill report for Quartz.kicad_pcb
Created on 3/28/2024 1:31:20 PM

Copper Layer Stackup:
    =============================================================
    L1 :  F.Cu                      front
    L2 :  Gnd2.Cu                   in1
    L3 :  Pwr3.Cu                   in2
    L4 :  In4.Cu                    in3
    L5 :  Gnd5.Cu                   in4
    L6 :  B.Cu                      back


Drill file 'Quartz-PTH.drl' contains
    plated through holes:
    =============================================================
    T1  0.200mm  0.0079"  (131 holes)
    T2  0.203mm  0.0080"  (864 holes)
    T3  0.254mm  0.0100"  (397 holes)
    T4  0.400mm  0.0157"  (140 holes)
    T5  0.800mm  0.0315"  (2 holes)
    T6  1.000mm  0.0394"  (11 holes)
    T7  1.143mm  0.0450"  (74 holes)
    T8  1.500mm  0.0591"  (1 hole)
    T9  1.700mm  0.0669"  (4 holes)
    T10  3.000mm  0.1181"  (7 holes)
    T11  3.302mm  0.1300"  (4 holes)

    Total plated holes count 1635


Drill file 'Quartz-NPTH.drl' contains
    unplated through holes:
    =============================================================
    T1  1.270mm  0.0500"  (4 holes)

    Total unplated holes count 4
